// Jest Snapshot v1, https://goo.gl/fbAQLP

exports[`<Menu /> will render correctly 1`] = `
<div
  id="menuLinks"
>
  <a
    href="/"
    style={
      Object {
        "color": "white",
        "fontSize": "24px",
        "padding": "10px",
        "textDecoration": "none",
      }
    }
  >
    About
  </a>
  <a
    href="/"
    style={
      Object {
        "color": "white",
        "fontSize": "24px",
        "padding": "10px",
        "textDecoration": "none",
      }
    }
  >
    Contact
  </a>
  <a
    href="/"
    style={
      Object {
        "color": "white",
        "fontSize": "24px",
        "padding": "10px",
        "textDecoration": "none",
      }
    }
  >
    Login
  </a>
</div>
`;
