// Jest Snapshot v1, https://goo.gl/fbAQLP

exports[`<InlineCode /> Should render properly 1`] = `
<code
  className="px-2 py-1"
  style={
    Object {
      "background": "#1d1f21",
      "backgroundColor": "#333",
      "borderRadius": "0.3em",
      "color": "#c5c8c6",
      "textShadow": "text-shadow:0 1px rgba(0, 0, 0, 0.3)",
    }
  }
>
  &lt;pre&gt;&lt;code&gt;console.log("Hello World!")
</code>
`;
