// Jest Snapshot v1, https://goo.gl/fbAQLP

exports[`renders correctly 1`] = `
<Row
  as="section"
  md={2}
  noGutters={false}
  xs={1}
>
  <Col>
    <Card
      body={false}
      key="968769ef-231d-5501-8942-ee51d8d1324d"
      style={
        Object {
          "backgroundColor": "rgba(255, 255, 255, 0.05)",
          "margin": "16px 0",
        }
      }
    >
      <CardImg
        alt="Banner blog-post-placerholder1"
        src="https://cliparting.com/wp-content/uploads/2016/06/Ribbon-outline-banner-clip-art-free-vector-for-free-download-about.jpg"
        variant="top"
      />
      <CardBody>
        <CardTitle>
          blog-post-placerholder1
        </CardTitle>
        <CardSubtitle
          className="mb-2 text-style-muted text-color-secondary"
        >
          \`January 1, 1970\`
        </CardSubtitle>
        <CardText
          className="text-color-primary"
        >
          first blog post
        </CardText>
        <CardLink>
          <mockConstructor
            to="/"
          >
            Read More
          </mockConstructor>
        </CardLink>
      </CardBody>
    </Card>
  </Col>
  <Col>
    <Card
      body={false}
      key="68e1f043-9989-584f-80e7-2bb2eed3f985"
      style={
        Object {
          "backgroundColor": "rgba(255, 255, 255, 0.05)",
          "margin": "16px 0",
        }
      }
    >
      <CardImg
        alt="Banner blog-post-placerholder5"
        src="https://cliparting.com/wp-content/uploads/2016/06/Ribbon-outline-banner-clip-art-free-vector-for-free-download-about.jpg"
        variant="top"
      />
      <CardBody>
        <CardTitle>
          blog-post-placerholder5
        </CardTitle>
        <CardSubtitle
          className="mb-2 text-style-muted text-color-secondary"
        >
          \`January 1, 1970\`
        </CardSubtitle>
        <CardText
          className="text-color-primary"
        >
          fifth blog post
        </CardText>
        <CardLink>
          <mockConstructor
            to="/"
          >
            Read More
          </mockConstructor>
        </CardLink>
      </CardBody>
    </Card>
  </Col>
  <Col>
    <Card
      body={false}
      key="1a172731-99f4-5f68-8ead-23324a44f70c"
      style={
        Object {
          "backgroundColor": "rgba(255, 255, 255, 0.05)",
          "margin": "16px 0",
        }
      }
    >
      <CardImg
        alt="Banner blog-post-placerholder3"
        src="https://cliparting.com/wp-content/uploads/2016/06/Ribbon-outline-banner-clip-art-free-vector-for-free-download-about.jpg"
        variant="top"
      />
      <CardBody>
        <CardTitle>
          blog-post-placerholder3
        </CardTitle>
        <CardSubtitle
          className="mb-2 text-style-muted text-color-secondary"
        >
          \`January 1, 1970\`
        </CardSubtitle>
        <CardText
          className="text-color-primary"
        >
          third blog post
        </CardText>
        <CardLink>
          <mockConstructor
            to="/"
          >
            Read More
          </mockConstructor>
        </CardLink>
      </CardBody>
    </Card>
  </Col>
  <Col>
    <Card
      body={false}
      key="011af6f6-6c3f-5eab-81ad-3f73e427dbd8"
      style={
        Object {
          "backgroundColor": "rgba(255, 255, 255, 0.05)",
          "margin": "16px 0",
        }
      }
    >
      <CardImg
        alt="Banner blog-post-placerholder4"
        src="https://cliparting.com/wp-content/uploads/2016/06/Ribbon-outline-banner-clip-art-free-vector-for-free-download-about.jpg"
        variant="top"
      />
      <CardBody>
        <CardTitle>
          blog-post-placerholder4
        </CardTitle>
        <CardSubtitle
          className="mb-2 text-style-muted text-color-secondary"
        >
          \`January 1, 1970\`
        </CardSubtitle>
        <CardText
          className="text-color-primary"
        >
          fourth blog post
        </CardText>
        <CardLink>
          <mockConstructor
            to="/"
          >
            Read More
          </mockConstructor>
        </CardLink>
      </CardBody>
    </Card>
  </Col>
  <Col>
    <Card
      body={false}
      key="d28f2392-be5f-5fc1-96fb-b3c69e7dce6b"
      style={
        Object {
          "backgroundColor": "rgba(255, 255, 255, 0.05)",
          "margin": "16px 0",
        }
      }
    >
      <CardImg
        alt="Banner blog-post-placerholder2"
        src="https://cliparting.com/wp-content/uploads/2016/06/Ribbon-outline-banner-clip-art-free-vector-for-free-download-about.jpg"
        variant="top"
      />
      <CardBody>
        <CardTitle>
          blog-post-placerholder2
        </CardTitle>
        <CardSubtitle
          className="mb-2 text-style-muted text-color-secondary"
        >
          \`January 1, 1970\`
        </CardSubtitle>
        <CardText
          className="text-color-primary"
        >
          second blog post
        </CardText>
        <CardLink>
          <mockConstructor
            to="/"
          >
            Read More
          </mockConstructor>
        </CardLink>
      </CardBody>
    </Card>
  </Col>
</Row>
`;
