// Jest Snapshot v1, https://goo.gl/fbAQLP

exports[`renders correctly 1`] = `
<Row
  as="section"
  md={2}
  noGutters={false}
  xs={1}
>
  <Col>
    <CardBody
      key="968769ef-231d-5501-8942-ee51d8d1324d"
    >
      <CardTitle
        backgroundUrl="https://cliparting.com/wp-content/uploads/2016/06/Ribbon-outline-banner-clip-art-free-vector-for-free-download-about.jpg"
        title="blog-post-placerholder1"
      />
      <CardDescription
        text="first blog post"
      />
      <CardMeta
        publishDate="\`January 1, 1970\`"
      />
      <ButtonWithIcon
        toUrl="/"
      />
    </CardBody>
  </Col>
  <Col>
    <CardBody
      key="68e1f043-9989-584f-80e7-2bb2eed3f985"
    >
      <CardTitle
        backgroundUrl="https://cliparting.com/wp-content/uploads/2016/06/Ribbon-outline-banner-clip-art-free-vector-for-free-download-about.jpg"
        title="blog-post-placerholder5"
      />
      <CardDescription
        text="fifth blog post"
      />
      <CardMeta
        publishDate="\`January 1, 1970\`"
      />
      <ButtonWithIcon
        toUrl="/"
      />
    </CardBody>
  </Col>
  <Col>
    <CardBody
      key="1a172731-99f4-5f68-8ead-23324a44f70c"
    >
      <CardTitle
        backgroundUrl="https://cliparting.com/wp-content/uploads/2016/06/Ribbon-outline-banner-clip-art-free-vector-for-free-download-about.jpg"
        title="blog-post-placerholder3"
      />
      <CardDescription
        text="third blog post"
      />
      <CardMeta
        publishDate="\`January 1, 1970\`"
      />
      <ButtonWithIcon
        toUrl="/"
      />
    </CardBody>
  </Col>
  <Col>
    <CardBody
      key="011af6f6-6c3f-5eab-81ad-3f73e427dbd8"
    >
      <CardTitle
        backgroundUrl="https://cliparting.com/wp-content/uploads/2016/06/Ribbon-outline-banner-clip-art-free-vector-for-free-download-about.jpg"
        title="blog-post-placerholder4"
      />
      <CardDescription
        text="fourth blog post"
      />
      <CardMeta
        publishDate="\`January 1, 1970\`"
      />
      <ButtonWithIcon
        toUrl="/"
      />
    </CardBody>
  </Col>
  <Col>
    <CardBody
      key="d28f2392-be5f-5fc1-96fb-b3c69e7dce6b"
    >
      <CardTitle
        backgroundUrl="https://cliparting.com/wp-content/uploads/2016/06/Ribbon-outline-banner-clip-art-free-vector-for-free-download-about.jpg"
        title="blog-post-placerholder2"
      />
      <CardDescription
        text="second blog post"
      />
      <CardMeta
        publishDate="\`January 1, 1970\`"
      />
      <ButtonWithIcon
        toUrl="/"
      />
    </CardBody>
  </Col>
</Row>
`;
