// Jest Snapshot v1, https://goo.gl/fbAQLP

exports[`<Header /> renders correctly 1`] = `
<SectionContainer
  backgroundShade="#121212"
  style={
    Object {
      "minHeight": "calc(68vh + 77px)",
    }
  }
>
  <Logo
    fillWidth={true}
  />
  <QuoteCard />
  <Memo(wrappedComponent) />
</SectionContainer>
`;
