// Jest Snapshot v1, https://goo.gl/fbAQLP

exports[`<Navbar /> renders correctly 1`] = `
<Navbar
  bg="dark"
  className="bg-background-primary"
  collapseOnSelect={true}
  expand={false}
  fixed="top"
  sticky="top"
  variant="dark"
>
  <NavbarBrand>
    <mockConstructor
      to="/"
    >
      <Logo />
    </mockConstructor>
  </NavbarBrand>
  <NavbarToggle
    aria-controls="responsive-navbar-nav"
    label="Toggle navigation"
  />
  <NavbarCollapse
    id="responsive-navbar-nav"
  >
    <Nav
      className="text-right"
      fill={false}
      justify={false}
    >
      <NavItem>
        <NavLink
          as={
            Object {
              "$$typeof": Symbol(react.forward_ref),
              "displayName": "SafeAnchor",
              "render": [Function],
            }
          }
          disabled={false}
        >
          <mockConstructor
            className="text-text-color-primary"
            to="/m"
          >
            Blog
          </mockConstructor>
        </NavLink>
      </NavItem>
      <NavItem>
        <NavLink
          as={
            Object {
              "$$typeof": Symbol(react.forward_ref),
              "displayName": "SafeAnchor",
              "render": [Function],
            }
          }
          disabled={false}
        >
          <mockConstructor
            to="/resources"
          >
            Resources
          </mockConstructor>
        </NavLink>
      </NavItem>
      <NavItem>
        <NavLink
          as={
            Object {
              "$$typeof": Symbol(react.forward_ref),
              "displayName": "SafeAnchor",
              "render": [Function],
            }
          }
          disabled={false}
        >
          <mockConstructor
            className="text-text-color-primary"
            to="/contact"
          >
            Contact
          </mockConstructor>
        </NavLink>
      </NavItem>
    </Nav>
  </NavbarCollapse>
</Navbar>
`;
