// Jest Snapshot v1, https://goo.gl/fbAQLP

exports[`Header renders correctly 1`] = `
<section
  className="container container"
>
  <a
    href="/"
  >
    <div
      style={
        Object {
          "maxWidth": "100%",
          "paddingLeft": "30px",
          "textAlign": "center",
        }
      }
    >
      <img
        alt="Logo"
        src="test-file-stub"
        style={
          Object {
            "maxWidth": "100%",
          }
        }
      />
    </div>
  </a>
  <div>
    <button
      className="hamburgerButton"
      onClick={[Function]}
      onKeyDown={[Function]}
      style={
        Object {
          "background": "none",
          "border": "none",
          "color": "inherit",
          "cursor": "pointer",
          "font": "inherit",
          "outline": "inherit",
          "padding": 0,
        }
      }
      type="button"
    >
      <img
        alt="Open Menu"
        src="test-file-stub"
        style={
          Object {
            "color": "#70F3FF",
            "display": "block",
            "padding": "0",
            "position": "absolute",
            "right": 0,
            "top": 0,
          }
        }
      />
    </button>
    
  </div>
  <div
    className="quoteBox"
  >
    <p
      className="text-color-primary text-style-lead textQuote"
    >
      Because it takes more than going over your git log before standup to become a great engineer.
    </p>
  </div>
  <div>
    <img
      alt="Next Section"
      src="test-file-stub"
      style={
        Object {
          "left": 0,
          "marginLeft": "auto",
          "marginRight": "auto",
          "position": "absolute",
          "right": 0,
          "top": "88vh",
        }
      }
    />
  </div>
</section>
`;
