// Jest Snapshot v1, https://goo.gl/fbAQLP

exports[`Header renders correctly 1`] = `
<div
  style={
    Object {
      "backgroundColor": "#121212",
      "position": "relative",
    }
  }
>
  <div
    style={
      Object {
        "textAlign": "center",
      }
    }
  >
    <a
      href="/"
    >
      <img
        alt="Logo"
        src="test-file-stub"
        style={
          Object {
            "maxWidth": "33%",
            "minWidth": "300px",
          }
        }
      />
    </a>
  </div>
  <div>
    <button
      className="hamburgerButton"
      onClick={[Function]}
      onKeyDown={[Function]}
      style={
        Object {
          "background": "none",
          "border": "none",
          "color": "inherit",
          "cursor": "pointer",
          "font": "inherit",
          "outline": "inherit",
          "padding": 0,
        }
      }
      type="button"
    >
      <img
        alt="Open Menu"
        src="test-file-stub"
        style={
          Object {
            "color": "#70F3FF",
            "display": "block",
            "padding": "0",
            "position": "absolute",
            "right": 0,
            "top": 0,
          }
        }
      />
    </button>
    
  </div>
  <div
    style={
      Object {
        "background": "rgba(255, 255, 255, 0.05)",
        "borderRadius": "10px",
        "boxShadow": "2px 2px 4px rgba(0, 0, 0, 0.25)",
        "margin": "0 auto",
        "padding": "65px 27px 49px 27px",
      }
    }
  >
    <img
      alt="Quote"
      src="test-file-stub"
      style={
        Object {
          "left": "-18px",
          "position": "relative",
          "top": "18px",
        }
      }
    />
    <p
      style={
        Object {
          "display": "inline-block",
          "fontFamily": "Fira Sans",
          "fontSize": "24px",
          "fontStyle": "normal",
          "fontVariant": "small-caps",
          "fontWeight": 300,
          "left": 43,
          "letterSpacing": "0.04em",
          "lineHeight": "29px",
          "maxWidth": "316px",
          "paddingLeft": "10px",
        }
      }
    >
      Because it takes more than going over your git log before standup to become a great engineer.
    </p>
  </div>
  <div>
    <img
      alt="Next Section"
      src="test-file-stub"
      style={
        Object {
          "left": 0,
          "marginLeft": "auto",
          "marginRight": "auto",
          "position": "absolute",
          "right": 0,
          "top": "88vh",
        }
      }
    />
  </div>
</div>
`;
