// Jest Snapshot v1, https://goo.gl/fbAQLP

exports[`<BlogCard /> renders correctly 1`] = `
<Link
  href="/blog/a"
>
  <a
    className="card-as-link"
  >
    <Card
      body={false}
      style={
        Object {
          "backgroundColor": "rgba(255, 255, 255, 0.05)",
          "margin": "16px 0",
        }
      }
    >
      <CardImg
        alt="Banner test"
        src="test"
        style={
          Object {
            "height": "275px",
          }
        }
        variant="top"
      />
      <CardBody>
        <CardTitle>
          test
           
          <Badge
            className="bg-accent-secondary"
            pill={true}
          >
            New
          </Badge>
        </CardTitle>
        <CardText
          className="text-color-primary"
        >
          test
        </CardText>
      </CardBody>
      <CardFooter
        className="text-muted"
      >
        <Container
          className="p-0"
          fluid={false}
        >
          <Row
            noGutters={true}
          >
            <Col>
              <CardText>
                Tom Jerry
              </CardText>
            </Col>
            <Col
              className="text-right"
            >
              <DateDisplay
                date={2020-06-29T05:55:11.643Z}
              />
            </Col>
          </Row>
        </Container>
      </CardFooter>
    </Card>
  </a>
</Link>
`;
