// Jest Snapshot v1, https://goo.gl/fbAQLP

exports[`<Footer /> renders correctly 1`] = `
<SectionContainer
  backgroundShade="#121f20"
>
  <Logo
    styles={null}
  />
  <p
    className="lead"
  >
    Follow Us
  </p>
  <SocialMedia
    styles={null}
  />
  <Policies />
  <Copyright />
</SectionContainer>
`;
