// Jest Snapshot v1, https://goo.gl/fbAQLP

exports[`<Footer /> renders correctly 1`] = `
<SectionContainer
  backgroundShade="#121f20"
>
  <Row
    className="justify-content-md-center"
    noGutters={false}
    style={
      Object {
        "margin": "2em 0",
      }
    }
  >
    <Col
      md="auto"
    >
      <Logo />
    </Col>
  </Row>
  <Row
    className="justify-content-md-center"
    noGutters={false}
    style={
      Object {
        "margin": "2em 0",
      }
    }
  >
    <Col
      className="text-center"
    >
      <p
        className="text-muted lead"
      >
        Follow Us
      </p>
      <SocialMediaGroup
        iconScale="small"
      />
    </Col>
  </Row>
  <Row
    noGutters={false}
    style={
      Object {
        "margin": "2em 0",
      }
    }
  >
    <Policies />
  </Row>
  <Row
    noGutters={false}
    style={
      Object {
        "margin": "2em 0",
      }
    }
  >
    <Copyright />
  </Row>
</SectionContainer>
`;
