// Jest Snapshot v1, https://goo.gl/fbAQLP

exports[`<Footer /> renders correctly 1`] = `
<SectionContainer
  backgroundShade="#121f20"
>
  <Row
    className="justify-content-md-center"
    noGutters={false}
  >
    <Col
      md="auto"
    >
      <Logo
        styles={null}
      />
    </Col>
  </Row>
  <Row
    className="justify-content-md-center"
    noGutters={false}
  >
    <Col>
      <p
        className="lead"
      >
        Follow Us
      </p>
      <SocialMediaGroup
        scale="small"
      />
    </Col>
  </Row>
  <Policies />
  <Copyright />
</SectionContainer>
`;
