// Jest Snapshot v1, https://goo.gl/fbAQLP

exports[`<Policies /> renders correctly 1`] = `
<Container
  fluid={false}
  style={
    Object {
      "maxWidth": "30em",
    }
  }
>
  <Row
    noGutters={false}
  >
    <Col
      className="text-left"
    >
      <mockConstructor
        className="text-muted"
        to="/"
      >
        Privacy Policy
      </mockConstructor>
    </Col>
    <Col
      className="text-right"
    >
      <mockConstructor
        className="text-muted"
        to="/"
      >
        Terms of Service
      </mockConstructor>
    </Col>
  </Row>
</Container>
`;
